Starting a Gradle Daemon, 1 incompatible Daemon could not be reused, use --status for details
> Task :app:preBuild UP-TO-DATE
> Task :app:preDebugBuild UP-TO-DATE
> Task :app:mergeDebugNativeDebugMetadata NO-SOURCE
> Task :app:checkKotlinGradlePluginConfigurationErrors SKIPPED
> Task :app:generateDebugBuildConfig UP-TO-DATE
> Task :app:checkDebugAarMetadata UP-TO-DATE
> Task :app:processDebugNavigationResources UP-TO-DATE
> Task :app:compileDebugNavigationResources UP-TO-DATE
> Task :app:generateDebugResValues UP-TO-DATE
> Task :app:mapDebugSourceSetPaths UP-TO-DATE
> Task :app:generateDebugResources UP-TO-DATE
> Task :app:mergeDebugResources UP-TO-DATE
> Task :app:packageDebugResources UP-TO-DATE
> Task :app:parseDebugLocalResources UP-TO-DATE
> Task :app:createDebugCompatibleScreenManifests
> Task :app:extractDeepLinksDebug UP-TO-DATE
> Task :app:processDebugMainManifest
> Task :app:processDebugManifest
> Task :app:javaPreCompileDebug UP-TO-DATE
> Task :app:mergeDebugShaders UP-TO-DATE
> Task :app:compileDebugShaders NO-SOURCE
> Task :app:generateDebugAssets UP-TO-DATE
> Task :app:mergeDebugAssets UP-TO-DATE
> Task :app:compressDebugAssets UP-TO-DATE
> Task :app:checkDebugDuplicateClasses UP-TO-DATE
> Task :app:processDebugManifestForPackage
> Task :app:desugarDebugFileDependencies UP-TO-DATE
> Task :app:mergeExtDexDebug UP-TO-DATE
> Task :app:mergeLibDexDebug UP-TO-DATE
> Task :app:mergeDebugJniLibFolders UP-TO-DATE
> Task :app:mergeDebugNativeLibs UP-TO-DATE
> Task :app:stripDebugDebugSymbols UP-TO-DATE
> Task :app:validateSigningDebug UP-TO-DATE
> Task :app:writeDebugAppMetadata UP-TO-DATE
> Task :app:writeDebugSigningConfigVersions UP-TO-DATE
> Task :app:processDebugResources
> Task :app:kspDebugKotlin
> Task :app:compileDebugKotlin
w: file:///C:/Users/w/Desktop/AndroidStudioProjects/Bro2/app/src/main/java/com/entertainmentbrowser/MainActivity.kt:87:16 'var statusBarColor: Int' is deprecated. Deprecated in Java.
w: file:///C:/Users/w/Desktop/AndroidStudioProjects/Bro2/app/src/main/java/com/entertainmentbrowser/MainActivity.kt:88:16 'var navigationBarColor: Int' is deprecated. Deprecated in Java.
w: file:///C:/Users/w/Desktop/AndroidStudioProjects/Bro2/app/src/main/java/com/entertainmentbrowser/presentation/downloads/DownloadsScreen.kt:228:17 'fun LinearProgressIndicator(progress: Float, modifier: Modifier = ..., color: Color = ..., trackColor: Color = ..., strokeCap: StrokeCap = ...): Unit' is deprecated. Use the overload that takes `progress` as a lambda.
w: file:///C:/Users/w/Desktop/AndroidStudioProjects/Bro2/app/src/main/java/com/entertainmentbrowser/presentation/webview/DownloadDialog.kt:62:17 'fun Divider(modifier: Modifier = ..., thickness: Dp = ..., color: Color = ...): Unit' is deprecated. Renamed to HorizontalDivider.
w: file:///C:/Users/w/Desktop/AndroidStudioProjects/Bro2/app/src/main/java/com/entertainmentbrowser/presentation/webview/DownloadDialog.kt:113:17 'fun Divider(modifier: Modifier = ..., thickness: Dp = ..., color: Color = ...): Unit' is deprecated. Renamed to HorizontalDivider.
w: file:///C:/Users/w/Desktop/AndroidStudioProjects/Bro2/app/src/main/java/com/entertainmentbrowser/presentation/webview/WebViewToolbar.kt:57:49 'val Icons.Filled.ArrowBack: ImageVector' is deprecated. Use the AutoMirrored version at Icons.AutoMirrored.Filled.ArrowBack.
w: file:///C:/Users/w/Desktop/AndroidStudioProjects/Bro2/app/src/main/java/com/entertainmentbrowser/util/WebViewPool.kt:152:17 'var databaseEnabled: Boolean' is deprecated. Deprecated in Java.

> Task :app:compileDebugJavaWithJavac
> Task :app:hiltAggregateDepsDebug UP-TO-DATE
> Task :app:hiltJavaCompileDebug
> Task :app:processDebugJavaRes UP-TO-DATE
> Task :app:mergeDebugJavaResource UP-TO-DATE
> Task :app:transformDebugClassesWithAsm
> Task :app:dexBuilderDebug
> Task :app:mergeProjectDexDebug
> Task :app:packageDebug
> Task :app:createDebugApkListingFileRedirect
> Task :app:assembleDebug

BUILD SUCCESSFUL in 5m 59s
42 actionable tasks: 14 executed, 28 up-to-date
